0 BASE.WAD: IWAD, 7 lumps, directory at 131, 243 bytes
1 PATCH.WAD: PWAD, 4 lumps, directory at 79, 143 bytes

    #  f  name        offset      size  type     from
    0  0  HELLO           12        23  text     header
    1  0  PAL             35        14  palette  header
    2  0  MAP01           49        18  scene    header
    3  0  M_END            0         0  -        -
    4  0  PLAYPAL         67        15  palette  manifest
    5  0  RAWDATA         82         9  raw      manifest
    6  0  TYPES           91        40  types    header
    7  1  HELLO           12        24  text     header
    8  1  ECHO            12         8  text     header
    9  1  LOST          4000        10  -        -
   10  1  TYPES           39        40  types    header

findings
PATCH.WAD: LOST at 4000, 10 bytes, runs past the end of the file
PATCH.WAD: ECHO at 12 overlaps HELLO
PATCH.WAD: 3 bytes at 36 that nothing references
HELLO: 2 lumps, and #7 in PATCH.WAD wins
PATCH.WAD: TYPES row MAP01 says text, and its header says scene
PATCH.WAD: TYPES row GHOST names no lump
